2025-08-21 16:14:01.571 - INFO: [logger.js:246:9] service loader called.
2025-08-21 16:14:01.582 - INFO: [logger.js:246:9] controller loader called.
2025-08-21 16:14:01.583 - DEBUG: [logger.js:246:9] external_loader called.
2025-08-21 16:14:01.583 - DEBUG: [logger.js:246:9] No external configuration.
2025-08-21 16:14:01.781 - INFO: [logger.js:246:9] Http Server started.
2025-08-21 16:14:01.781 - INFO: [logger.js:246:9] Base URL -> http://localhost:8001
2025-08-21 16:14:01.782 - INFO: [logger.js:246:9] Namespace -> ::_8001_17676
2025-08-21 16:14:01.783 - DEBUG: [logger.js:246:9] database SQL file loaded.
2025-08-21 16:43:06.045 - INFO: [logger.js:246:9] service loader called.
2025-08-21 16:43:06.057 - INFO: [logger.js:246:9] controller loader called.
2025-08-21 16:43:06.057 - DEBUG: [logger.js:246:9] external_loader called.
2025-08-21 16:43:06.057 - DEBUG: [logger.js:246:9] No external configuration.
2025-08-21 16:43:06.235 - INFO: [logger.js:246:9] Http Server started.
2025-08-21 16:43:06.236 - INFO: [logger.js:246:9] Base URL -> http://localhost:8001
2025-08-21 16:43:06.236 - INFO: [logger.js:246:9] Namespace -> ::_8001_6004
2025-08-21 16:43:06.238 - DEBUG: [logger.js:246:9] database SQL file loaded.
2025-08-21 16:43:57.492 - INFO: [logger.js:246:9] service loader called.
2025-08-21 16:43:57.503 - INFO: [logger.js:246:9] controller loader called.
2025-08-21 16:43:57.503 - DEBUG: [logger.js:246:9] external_loader called.
2025-08-21 16:43:57.503 - DEBUG: [logger.js:246:9] No external configuration.
2025-08-21 16:43:57.673 - INFO: [logger.js:246:9] Http Server started.
2025-08-21 16:43:57.674 - INFO: [logger.js:246:9] Base URL -> http://localhost:8001
2025-08-21 16:43:57.674 - INFO: [logger.js:246:9] Namespace -> ::_8001_5728
2025-08-21 16:43:57.677 - DEBUG: [logger.js:246:9] database SQL file loaded.
2025-08-21 16:45:45.094 - INFO: [logger.js:246:9] service loader called.
2025-08-21 16:45:45.105 - INFO: [logger.js:246:9] controller loader called.
2025-08-21 16:45:45.106 - DEBUG: [logger.js:246:9] external_loader called.
2025-08-21 16:45:45.106 - DEBUG: [logger.js:246:9] No external configuration.
2025-08-21 16:45:45.278 - INFO: [logger.js:246:9] Http Server started.
2025-08-21 16:45:45.278 - INFO: [logger.js:246:9] Base URL -> http://localhost:8001
2025-08-21 16:45:45.279 - INFO: [logger.js:246:9] Namespace -> ::_8001_22332
2025-08-21 16:45:45.281 - DEBUG: [logger.js:246:9] database SQL file loaded.
2025-08-21 16:46:49.425 - INFO: [logger.js:246:9] service loader called.
2025-08-21 16:46:49.436 - INFO: [logger.js:246:9] controller loader called.
2025-08-21 16:46:49.437 - DEBUG: [logger.js:246:9] external_loader called.
2025-08-21 16:46:49.437 - DEBUG: [logger.js:246:9] No external configuration.
2025-08-21 16:46:49.607 - INFO: [logger.js:246:9] Http Server started.
2025-08-21 16:46:49.608 - INFO: [logger.js:246:9] Base URL -> http://localhost:8001
2025-08-21 16:46:49.608 - INFO: [logger.js:246:9] Namespace -> ::_8001_13172
2025-08-21 16:46:49.610 - DEBUG: [logger.js:246:9] database SQL file loaded.
2025-08-21 16:47:05.212 - DEBUG: [logger.js:246:9] GET /person/list requested
2025-08-21 16:47:05.213 - DEBUG: [logger.js:246:9] PARAMS -> {}
2025-08-21 16:47:05.233 - DEBUG: [logger.js:246:9] SQL -> select count(*) as total
                from test.person
2025-08-21 16:47:05.235 - DEBUG: [logger.js:246:9] SQL -> select id, name, age, mobile
                from test.person
2025-08-21 17:00:07.307 - DEBUG: [logger.js:246:9] GET /person/list requested
2025-08-21 17:00:07.308 - DEBUG: [logger.js:246:9] PARAMS -> {}
2025-08-21 17:00:07.310 - DEBUG: [logger.js:246:9] SQL -> select count(*) as total
                from test.person
2025-08-21 17:00:07.311 - DEBUG: [logger.js:246:9] SQL -> select id, name, age, mobile
                from test.person
2025-08-21 17:01:08.421 - DEBUG: [logger.js:246:9] GET /person/list requested
2025-08-21 17:01:08.422 - DEBUG: [logger.js:246:9] PARAMS -> {"page":"1","perPage":"1"}
2025-08-21 17:01:08.424 - DEBUG: [logger.js:246:9] SQL -> select count(*) as total
                from test.person
2025-08-21 17:01:08.426 - DEBUG: [logger.js:246:9] SQL -> select id, name, age, mobile
                from test.person limit 0, 1
2025-08-21 17:02:09.058 - DEBUG: [logger.js:246:9] GET /person/list requested
2025-08-21 17:02:09.058 - DEBUG: [logger.js:246:9] PARAMS -> {"page":"2","perPage":"2"}
2025-08-21 17:02:09.059 - DEBUG: [logger.js:246:9] SQL -> select count(*) as total
                from test.person
2025-08-21 17:02:09.061 - DEBUG: [logger.js:246:9] SQL -> select id, name, age, mobile
                from test.person limit 2, 2
2025-08-21 17:03:10.290 - DEBUG: [logger.js:246:9] GET /person/list requested
2025-08-21 17:03:10.290 - DEBUG: [logger.js:246:9] PARAMS -> {}
2025-08-21 17:03:10.291 - DEBUG: [logger.js:246:9] SQL -> select count(*) as total
                from test.person
2025-08-21 17:03:10.293 - DEBUG: [logger.js:246:9] SQL -> select id, name, age, mobile
                from test.person
2025-08-21 17:13:29.195 - DEBUG: [logger.js:246:9] GET /person/list requested
2025-08-21 17:13:29.196 - DEBUG: [logger.js:246:9] PARAMS -> {}
2025-08-21 17:13:29.198 - DEBUG: [logger.js:246:9] SQL -> select count(*) as total
                from test.person
2025-08-21 17:13:29.199 - DEBUG: [logger.js:246:9] SQL -> select id, name, age, mobile
                from test.person
2025-08-21 17:13:52.252 - DEBUG: [logger.js:246:9] GET /person/list requested
2025-08-21 17:13:52.252 - DEBUG: [logger.js:246:9] PARAMS -> {}
2025-08-21 17:13:52.254 - DEBUG: [logger.js:246:9] SQL -> select count(*) as total
                from test.person
2025-08-21 17:13:52.255 - DEBUG: [logger.js:246:9] SQL -> select id, name, age, mobile
                from test.person
2025-08-21 17:20:23.163 - INFO: [logger.js:246:9] service loader called.
2025-08-21 17:20:23.178 - INFO: [logger.js:246:9] controller loader called.
2025-08-21 17:20:23.179 - DEBUG: [logger.js:246:9] external_loader called.
2025-08-21 17:20:23.179 - DEBUG: [logger.js:246:9] No external configuration.
2025-08-21 17:20:23.419 - INFO: [logger.js:246:9] Http Server started.
2025-08-21 17:20:23.420 - INFO: [logger.js:246:9] Base URL -> http://localhost:8001
2025-08-21 17:20:23.420 - INFO: [logger.js:246:9] Namespace -> ::_8001_24076
2025-08-21 17:20:23.423 - DEBUG: [logger.js:246:9] database SQL file loaded.
2025-08-21 17:22:51.259 - INFO: [logger.js:246:9] service loader called.
2025-08-21 17:22:51.275 - INFO: [logger.js:246:9] controller loader called.
2025-08-21 17:22:51.275 - DEBUG: [logger.js:246:9] external_loader called.
2025-08-21 17:22:51.275 - DEBUG: [logger.js:246:9] No external configuration.
2025-08-21 17:22:51.532 - INFO: [logger.js:246:9] Http Server started.
2025-08-21 17:22:51.532 - INFO: [logger.js:246:9] Base URL -> http://localhost:8001
2025-08-21 17:22:51.533 - INFO: [logger.js:246:9] Namespace -> ::_8001_16960
2025-08-21 17:22:51.536 - DEBUG: [logger.js:246:9] database SQL file loaded.
2025-08-21 19:27:16.595 - INFO: [logger.js:246:9] service loader called.
2025-08-21 19:27:16.616 - INFO: [logger.js:246:9] controller loader called.
2025-08-21 19:27:16.616 - DEBUG: [logger.js:246:9] external_loader called.
2025-08-21 19:27:16.617 - DEBUG: [logger.js:246:9] No external configuration.
2025-08-21 19:27:16.871 - INFO: [logger.js:246:9] Http Server started.
2025-08-21 19:27:16.872 - INFO: [logger.js:246:9] Base URL -> http://localhost:8001
2025-08-21 19:27:16.872 - INFO: [logger.js:246:9] Namespace -> ::_8001_15380
2025-08-21 19:27:16.875 - DEBUG: [logger.js:246:9] database SQL file loaded.
2025-08-21 19:27:20.820 - DEBUG: [logger.js:246:9] GET /person/list2 requested
2025-08-21 19:27:20.821 - DEBUG: [logger.js:246:9] PARAMS -> {}
2025-08-21 19:27:39.007 - DEBUG: [logger.js:246:9] GET /person/list2 requested
2025-08-21 19:27:39.007 - DEBUG: [logger.js:246:9] PARAMS -> {}
2025-08-21 19:27:40.345 - DEBUG: [logger.js:246:9] GET /person/list2 requested
2025-08-21 19:27:40.346 - DEBUG: [logger.js:246:9] PARAMS -> {}
2025-08-21 19:27:41.422 - DEBUG: [logger.js:246:9] GET /person/list2 requested
2025-08-21 19:27:41.422 - DEBUG: [logger.js:246:9] PARAMS -> {}
